---
source: tests/verify_quote.rs
assertion_line: 31
expression: quote
---
Quote {
    header: Header {
        version: 4,
        attestation_key_type: 2,
        tee_type: 129,
        qe_svn: 0,
        pce_svn: 0,
        qe_vendor_id: [
            147,
            154,
            114,
            51,
            247,
            156,
            76,
            169,
            148,
            10,
            13,
            179,
            149,
            127,
            6,
            7,
        ],
        user_data: [
            136,
            155,
            125,
            111,
            249,
            223,
            36,
            5,
            178,
            64,
            168,
            48,
            231,
            63,
            175,
            61,
            0,
            0,
            0,
            0,
        ],
    },
    report: TD10(
        TDReport10 {
            tee_tcb_svn: [
                6,
                1,
                3,
                0,
                0,
                0,
                0,
                0,
                0,
                0,
                0,
                0,
                0,
                0,
                0,
                0,
            ],
            mr_seam: [
                91,
                56,
                227,
                58,
                100,
                135,
                149,
                139,
                114,
                195,
                193,
                42,
                147,
                142,
                170,
                94,
                63,
                212,
                81,
                12,
                81,
                174,
                234,
                181,
                140,
                125,
                94,
                206,
                228,
                29,
                124,
                67,
                100,
                137,
                214,
                200,
                228,
                249,
                47,
                22,
                11,
                124,
                173,
                52,
                32,
                123,
                0,
                193,
            ],
            mr_signer_seam: [
                0,
                0,
                0,
                0,
                0,
                0,
                0,
                0,
                0,
                0,
                0,
                0,
                0,
                0,
                0,
                0,
                0,
                0,
                0,
                0,
                0,
                0,
                0,
                0,
                0,
                0,
                0,
                0,
                0,
                0,
                0,
                0,
                0,
                0,
                0,
                0,
                0,
                0,
                0,
                0,
                0,
                0,
                0,
                0,
                0,
                0,
                0,
                0,
            ],
            seam_attributes: [
                0,
                0,
                0,
                0,
                0,
                0,
                0,
                0,
            ],
            td_attributes: [
                0,
                0,
                0,
                16,
                0,
                0,
                0,
                0,
            ],
            xfam: [
                231,
                2,
                6,
                0,
                0,
                0,
                0,
                0,
            ],
            mr_td: [
                145,
                235,
                43,
                68,
                209,
                65,
                212,
                236,
                224,
                159,
                12,
                117,
                194,
                197,
                61,
                36,
                122,
                60,
                104,
                237,
                215,
                250,
                254,
                138,
                53,
                32,
                201,
                66,
                166,
                4,
                164,
                7,
                222,
                3,
                174,
                109,
                197,
                248,
                127,
                39,
                66,
                139,
                37,
                56,
                135,
                49,
                24,
                183,
            ],
            mr_config_id: [
                0,
                0,
                0,
                0,
                0,
                0,
                0,
                0,
                0,
                0,
                0,
                0,
                0,
                0,
                0,
                0,
                0,
                0,
                0,
                0,
                0,
                0,
                0,
                0,
                0,
                0,
                0,
                0,
                0,
                0,
                0,
                0,
                0,
                0,
                0,
                0,
                0,
                0,
                0,
                0,
                0,
                0,
                0,
                0,
                0,
                0,
                0,
                0,
            ],
            mr_owner: [
                0,
                0,
                0,
                0,
                0,
                0,
                0,
                0,
                0,
                0,
                0,
                0,
                0,
                0,
                0,
                0,
                0,
                0,
                0,
                0,
                0,
                0,
                0,
                0,
                0,
                0,
                0,
                0,
                0,
                0,
                0,
                0,
                0,
                0,
                0,
                0,
                0,
                0,
                0,
                0,
                0,
                0,
                0,
                0,
                0,
                0,
                0,
                0,
            ],
            mr_owner_config: [
                0,
                0,
                0,
                0,
                0,
                0,
                0,
                0,
                0,
                0,
                0,
                0,
                0,
                0,
                0,
                0,
                0,
                0,
                0,
                0,
                0,
                0,
                0,
                0,
                0,
                0,
                0,
                0,
                0,
                0,
                0,
                0,
                0,
                0,
                0,
                0,
                0,
                0,
                0,
                0,
                0,
                0,
                0,
                0,
                0,
                0,
                0,
                0,
            ],
            rt_mr0: [
                68,
                192,
                25,
                123,
                57,
                21,
                127,
                221,
                122,
                77,
                204,
                68,
                118,
                127,
                157,
                107,
                11,
                179,
                151,
                124,
                122,
                142,
                52,
                123,
                132,
                146,
                248,
                39,
                254,
                157,
                158,
                92,
                72,
                172,
                162,
                155,
                34,
                11,
                128,
                182,
                165,
                64,
                207,
                153,
                75,
                155,
                201,
                192,
            ],
            rt_mr1: [
                0,
                132,
                69,
                44,
                1,
                102,
                131,
                41,
                212,
                188,
                6,
                172,
                223,
                88,
                167,
                32,
                92,
                38,
                116,
                51,
                4,
                80,
                153,
                115,
                148,
                158,
                86,
                25,
                191,
                129,
                166,
                167,
                174,
                168,
                195,
                35,
                193,
                115,
                1,
                155,
                48,
                147,
                213,
                78,
                87,
                158,
                147,
                120,
            ],
            rt_mr2: [
                216,
                51,
                254,
                239,
                44,
                217,
                69,
                20,
                138,
                163,
                142,
                173,
                44,
                83,
                233,
                183,
                241,
                56,
                25,
                10,
                170,
                235,
                252,
                85,
                29,
                204,
                216,
                41,
                252,
                32,
                122,
                163,
                186,
                128,
                183,
                8,
                112,
                215,
                51,
                7,
                51,
                100,
                46,
                1,
                212,
                140,
                49,
                50,
            ],
            rt_mr3: [
                0,
                0,
                0,
                0,
                0,
                0,
                0,
                0,
                0,
                0,
                0,
                0,
                0,
                0,
                0,
                0,
                0,
                0,
                0,
                0,
                0,
                0,
                0,
                0,
                0,
                0,
                0,
                0,
                0,
                0,
                0,
                0,
                0,
                0,
                0,
                0,
                0,
                0,
                0,
                0,
                0,
                0,
                0,
                0,
                0,
                0,
                0,
                0,
            ],
            report_data: [
                154,
                157,
                72,
                231,
                246,
                121,
                150,
                66,
                211,
                209,
                179,
                78,
                30,
                94,
                23,
                66,
                212,
                187,
                2,
                221,
                109,
                221,
                85,
                24,
                98,
                193,
                33,
                29,
                53,
                195,
                4,
                249,
                236,
                163,
                239,
                219,
                180,
                129,
                96,
                28,
                22,
                60,
                245,
                36,
                147,
                214,
                228,
                74,
                237,
                85,
                213,
                30,
                195,
                155,
                126,
                81,
                143,
                173,
                185,
                44,
                43,
                82,
                63,
                32,
            ],
        },
    ),
    auth_data: V4(
        AuthDataV4 {
            ecdsa_signature: [
                241,
                86,
                234,
                200,
                173,
                1,
                215,
                159,
                124,
                206,
                102,
                143,
                96,
                0,
                88,
                25,
                178,
                47,
                33,
                81,
                166,
                97,
                85,
                164,
                48,
                173,
                79,
                122,
                149,
                56,
                174,
                49,
                51,
                15,
                157,
                253,
                84,
                36,
                231,
                196,
                18,
                75,
                68,
                166,
                104,
                203,
                151,
                254,
                45,
                164,
                142,
                97,
                114,
                82,
                238,
                90,
                235,
                98,
                82,
                212,
                142,
                147,
                36,
                229,
            ],
            ecdsa_attestation_key: [
                199,
                138,
                197,
                133,
                155,
                159,
                86,
                114,
                56,
                250,
                216,
                42,
                214,
                50,
                2,
                188,
                81,
                110,
                231,
                173,
                20,
                236,
                29,
                154,
                223,
                198,
                51,
                228,
                207,
                95,
                113,
                247,
                61,
                97,
                56,
                206,
                118,
                208,
                217,
                193,
                68,
                63,
                105,
                84,
                100,
                209,
                237,
                65,
                156,
                55,
                206,
                105,
                110,
                112,
                233,
                90,
                91,
                49,
                120,
                148,
                165,
                137,
                121,
                7,
            ],
            certification_data: CertificationData {
                cert_type: 6,
                body: "\u{3}\u{3}\u{19}\u{1b}\u{4}�\0\u{6}\0\0\0\0\0\0\0\0\0\0\0\0\0\0\0\0\0\0\0\0\0\0\0\0\0\0\0\0\0\0\0\0\0\0\0\0\0\0\0\0\u{15}\0\0\0\0\0\0\0�\0\0\0\0\0\0\0壧��0\u{95};�SLlY��O�4�3����\n��\u{8}�k�\0\0\0\0\0\0\0\0\0\0\0\0\0\0\0\0\0\0\0\0\0\0\0\0\0\0\0\0\0\0\0\0ܞ*|o��\u{17}GN4��C�\u{3}\u{f}|\u{15}c��c@�.\u{e}T��\0\0\0\0\0\0\0\0\0\0\0\0\0\0\0\0\0\0\0\0\0\0\0\0\0\0\0\0\0\0\0\0\0\0\0\0\0\0\0\0\0\0\0\0\0\0\0\0\0\0\0\0\0\0\0\0\0\0\0\0\0\0\0\0\0\0\0\0\0\0\0\0\0\0\0\0\0\0\0\0\0\0\0\0\0\0\0\0\0\0\0\0\0\0\0\0\u{2}\0\u{6}\0\0\0\0\0\0\0\0\0\0\0\0\0\0\0\0\0\0\0\0\0\0\0\0\0\0\0\0\0\0\0\0\0\0\0\0\0\0\0\0\0\0\0\0\0\0\0\0\0\0\0\0\0\0\0\0\0\0\0\0\0�6I*wIF��X�k;ؾ�ŕ}\u{17}a����a\u{5f6}M�$\0\0\0\0\0\0\0\0\0\0\0\0\0\0\0\0\0\0\0\0\0\0\0\0\0\0\0\0\0\0\0\0�\u{1b}�@��C{==oϋ@\u{3}\r�z��-�����\u{12}\u{3}Pȑ���ƙ���b�MGKH�S\u{11}J*�2V#��\u{18}�f�}��P \0\0\u{1}\u{2}\u{3}\u{4}\u{5}\u{6}\u{7}\u{8}\t\n\u{b}\u{c}\r\u{e}\u{f}\u{10}\u{11}\u{12}\u{13}\u{14}\u{15}\u{16}\u{17}\u{18}\u{19}\u{1a}\u{1b}\u{1c}\u{1d}\u{1e}\u{1f}\u{5}\0^\u{e}\0\0-----BEGIN CERTIFICATE-----\nMIIE8TCCBJagAwIBAgIUPBbtVOrLtM7Qcr5yYwyFeIz0bjYwCgYIKoZIzj0EAwIw\ncDEiMCAGA1UEAwwZSW50ZWwgU0dYIFBDSyBQbGF0Zm9ybSBDQTEaMBgGA1UECgwR\nSW50ZWwgQ29ycG9yYXRpb24xFDASBgNVBAcMC1NhbnRhIENsYXJhMQswCQYDVQQI\nDAJDQTELMAkGA1UEBhMCVVMwHhcNMjUwMjA2MjMyNTUxWhcNMzIwMjA2MjMyNTUx\nWjBwMSIwIAYDVQQDDBlJbnRlbCBTR1ggUENLIENlcnRpZmljYXRlMRowGAYDVQQK\nDBFJbnRlbCBDb3Jwb3JhdGlvbjEUMBIGA1UEBwwLU2FudGEgQ2xhcmExCzAJBgNV\nBAgMAkNBMQswCQYDVQQGEwJVUzBZMBMGByqGSM49AgEGCCqGSM49AwEHA0IABBcg\n+gTt74aAv7dI/ZZa+T1hpBeo8fKZEOi4izZm3/9tKyZg8yiPIDNW+QJTp/b3Zhbi\nQhLCLPzD5m1oH5ccl2mjggMMMIIDCDAfBgNVHSMEGDAWgBSVb13NvRvh6UBJydT0\nM84BVwveVDBrBgNVHR8EZDBiMGCgXqBchlpodHRwczovL2FwaS50cnVzdGVkc2Vy\ndmljZXMuaW50ZWwuY29tL3NneC9jZXJ0aWZpY2F0aW9uL3Y0L3Bja2NybD9jYT1w\nbGF0Zm9ybSZlbmNvZGluZz1kZXIwHQYDVR0OBBYEFKu2mgweilV1WekWwCtLGa+A\nRPvZMA4GA1UdDwEB/wQEAwIGwDAMBgNVHRMBAf8EAjAAMIICOQYJKoZIhvhNAQ0B\nBIICKjCCAiYwHgYKKoZIhvhNAQ0BAQQQgR3KKia5UuhbtkSLCXuk/TCCAWMGCiqG\nSIb4TQENAQIwggFTMBAGCyqGSIb4TQENAQIBAgEDMBAGCyqGSIb4TQENAQICAgED\nMBAGCyqGSIb4TQENAQIDAgECMBAGCyqGSIb4TQENAQIEAgECMBAGCyqGSIb4TQEN\nAQIFAgEEMBAGCyqGSIb4TQENAQIGAgEBMBAGCyqGSIb4TQENAQIHAgEAMBAGCyqG\nSIb4TQENAQIIAgEFMBAGCyqGSIb4TQENAQIJAgEAMBAGCyqGSIb4TQENAQIKAgEA\nMBAGCyqGSIb4TQENAQILAgEAMBAGCyqGSIb4TQENAQIMAgEAMBAGCyqGSIb4TQEN\nAQINAgEAMBAGCyqGSIb4TQENAQIOAgEAMBAGCyqGSIb4TQENAQIPAgEAMBAGCyqG\nSIb4TQENAQIQAgEAMBAGCyqGSIb4TQENAQIRAgELMB8GCyqGSIb4TQENAQISBBAD\nAwICBAEABQAAAAAAAAAAMBAGCiqGSIb4TQENAQMEAgAAMBQGCiqGSIb4TQENAQQE\nBrDAbwAAADAPBgoqhkiG+E0BDQEFCgEBMB4GCiqGSIb4TQENAQYEEAeChHRgPnAZ\n3JMHdf/ozdIwRAYKKoZIhvhNAQ0BBzA2MBAGCyqGSIb4TQENAQcBAQH/MBAGCyqG\nSIb4TQENAQcCAQH/MBAGCyqGSIb4TQENAQcDAQH/MAoGCCqGSM49BAMCA0kAMEYC\nIQDJO9hNUdS4NFTN1Qkn+2cMcGteub1ANvQv3lvuSpH1ZwIhAJLCh9kiAAoOWza/\nJaoGing7U3vXr26TsM56mqYEwdFV\n-----END CERTIFICATE-----\n-----BEGIN CERTIFICATE-----\nMIICljCCAj2gAwIBAgIVAJVvXc29G+HpQEnJ1PQzzgFXC95UMAoGCCqGSM49BAMC\nMGgxGjAYBgNVBAMMEUludGVsIFNHWCBSb290IENBMRowGAYDVQQKDBFJbnRlbCBD\nb3Jwb3JhdGlvbjEUMBIGA1UEBwwLU2FudGEgQ2xhcmExCzAJBgNVBAgMAkNBMQsw\nCQYDVQQGEwJVUzAeFw0xODA1MjExMDUwMTBaFw0zMzA1MjExMDUwMTBaMHAxIjAg\nBgNVBAMMGUludGVsIFNHWCBQQ0sgUGxhdGZvcm0gQ0ExGjAYBgNVBAoMEUludGVs\nIENvcnBvcmF0aW9uMRQwEgYDVQQHDAtTYW50YSBDbGFyYTELMAkGA1UECAwCQ0Ex\nCzAJBgNVBAYTAlVTMFkwEwYHKoZIzj0CAQYIKoZIzj0DAQcDQgAENSB/7t21lXSO\n2Cuzpxw74eJB72EyDGgW5rXCtx2tVTLq6hKk6z+UiRZCnqR7psOvgqFeSxlmTlJl\neTmi2WYz3qOBuzCBuDAfBgNVHSMEGDAWgBQiZQzWWp00ifODtJVSv1AbOScGrDBS\nBgNVHR8ESzBJMEegRaBDhkFodHRwczovL2NlcnRpZmljYXRlcy50cnVzdGVkc2Vy\ndmljZXMuaW50ZWwuY29tL0ludGVsU0dYUm9vdENBLmRlcjAdBgNVHQ4EFgQUlW9d\nzb0b4elAScnU9DPOAVcL3lQwDgYDVR0PAQH/BAQDAgEGMBIGA1UdEwEB/wQIMAYB\nAf8CAQAwCgYIKoZIzj0EAwIDRwAwRAIgXsVki0w+i6VYGW3UF/22uaXe0YJDj1Ue\nnA+TjD1ai5cCICYb1SAmD5xkfTVpvo4UoyiSYxrDWLmUR4CI9NKyfPN+\n-----END CERTIFICATE-----\n-----BEGIN CERTIFICATE-----\nMIICjzCCAjSgAwIBAgIUImUM1lqdNInzg7SVUr9QGzknBqwwCgYIKoZIzj0EAwIw\naDEaMBgGA1UEAwwRSW50ZWwgU0dYIFJvb3QgQ0ExGjAYBgNVBAoMEUludGVsIENv\ncnBvcmF0aW9uMRQwEgYDVQQHDAtTYW50YSBDbGFyYTELMAkGA1UECAwCQ0ExCzAJ\nBgNVBAYTAlVTMB4XDTE4MDUyMTEwNDUxMFoXDTQ5MTIzMTIzNTk1OVowaDEaMBgG\nA1UEAwwRSW50ZWwgU0dYIFJvb3QgQ0ExGjAYBgNVBAoMEUludGVsIENvcnBvcmF0\naW9uMRQwEgYDVQQHDAtTYW50YSBDbGFyYTELMAkGA1UECAwCQ0ExCzAJBgNVBAYT\nAlVTMFkwEwYHKoZIzj0CAQYIKoZIzj0DAQcDQgAEC6nEwMDIYZOj/iPWsCzaEKi7\n1OiOSLRFhWGjbnBVJfVnkY4u3IjkDYYL0MxO4mqsyYjlBalTVYxFP2sJBK5zlKOB\nuzCBuDAfBgNVHSMEGDAWgBQiZQzWWp00ifODtJVSv1AbOScGrDBSBgNVHR8ESzBJ\nMEegRaBDhkFodHRwczovL2NlcnRpZmljYXRlcy50cnVzdGVkc2VydmljZXMuaW50\nZWwuY29tL0ludGVsU0dYUm9vdENBLmRlcjAdBgNVHQ4EFgQUImUM1lqdNInzg7SV\nUr9QGzknBqwwDgYDVR0PAQH/BAQDAgEGMBIGA1UdEwEB/wQIMAYBAf8CAQEwCgYI\nKoZIzj0EAwIDSQAwRgIhAOW/5QkR+S9CiSDcNoowLuPRLsWGf/Yi7GSX94BgwTwg\nAiEA4J0lrHoMs+Xo5o/sX6O9QWxHRAvZUGOdRQ7cvqRXaqI=\n-----END CERTIFICATE-----\n\0",
            },
            qe_report_data: QEReportCertificationData {
                qe_report: [
                    3,
                    3,
                    25,
                    27,
                    4,
                    255,
                    0,
                    6,
                    0,
                    0,
                    0,
                    0,
                    0,
                    0,
                    0,
                    0,
                    0,
                    0,
                    0,
                    0,
                    0,
                    0,
                    0,
                    0,
                    0,
                    0,
                    0,
                    0,
                    0,
                    0,
                    0,
                    0,
                    0,
                    0,
                    0,
                    0,
                    0,
                    0,
                    0,
                    0,
                    0,
                    0,
                    0,
                    0,
                    0,
                    0,
                    0,
                    0,
                    21,
                    0,
                    0,
                    0,
                    0,
                    0,
                    0,
                    0,
                    231,
                    0,
                    0,
                    0,
                    0,
                    0,
                    0,
                    0,
                    229,
                    163,
                    167,
                    181,
                    216,
                    48,
                    194,
                    149,
                    59,
                    152,
                    83,
                    76,
                    108,
                    89,
                    163,
                    163,
                    79,
                    220,
                    52,
                    233,
                    51,
                    247,
                    245,
                    137,
                    143,
                    10,
                    133,
                    207,
                    8,
                    132,
                    107,
                    202,
                    0,
                    0,
                    0,
                    0,
                    0,
                    0,
                    0,
                    0,
                    0,
                    0,
                    0,
                    0,
                    0,
                    0,
                    0,
                    0,
                    0,
                    0,
                    0,
                    0,
                    0,
                    0,
                    0,
                    0,
                    0,
                    0,
                    0,
                    0,
                    0,
                    0,
                    0,
                    0,
                    220,
                    158,
                    42,
                    124,
                    111,
                    148,
                    143,
                    23,
                    71,
                    78,
                    52,
                    167,
                    252,
                    67,
                    237,
                    3,
                    15,
                    124,
                    21,
                    99,
                    241,
                    186,
                    189,
                    223,
                    99,
                    64,
                    200,
                    46,
                    14,
                    84,
                    168,
                    197,
                    0,
                    0,
                    0,
                    0,
                    0,
                    0,
                    0,
                    0,
                    0,
                    0,
                    0,
                    0,
                    0,
                    0,
                    0,
                    0,
                    0,
                    0,
                    0,
                    0,
                    0,
                    0,
                    0,
                    0,
                    0,
                    0,
                    0,
                    0,
                    0,
                    0,
                    0,
                    0,
                    0,
                    0,
                    0,
                    0,
                    0,
                    0,
                    0,
                    0,
                    0,
                    0,
                    0,
                    0,
                    0,
                    0,
                    0,
                    0,
                    0,
                    0,
                    0,
                    0,
                    0,
                    0,
                    0,
                    0,
                    0,
                    0,
                    0,
                    0,
                    0,
                    0,
                    0,
                    0,
                    0,
                    0,
                    0,
                    0,
                    0,
                    0,
                    0,
                    0,
                    0,
                    0,
                    0,
                    0,
                    0,
                    0,
                    0,
                    0,
                    0,
                    0,
                    0,
                    0,
                    0,
                    0,
                    0,
                    0,
                    0,
                    0,
                    0,
                    0,
                    0,
                    0,
                    0,
                    0,
                    2,
                    0,
                    6,
                    0,
                    0,
                    0,
                    0,
                    0,
                    0,
                    0,
                    0,
                    0,
                    0,
                    0,
                    0,
                    0,
                    0,
                    0,
                    0,
                    0,
                    0,
                    0,
                    0,
                    0,
                    0,
                    0,
                    0,
                    0,
                    0,
                    0,
                    0,
                    0,
                    0,
                    0,
                    0,
                    0,
                    0,
                    0,
                    0,
                    0,
                    0,
                    0,
                    0,
                    0,
                    0,
                    0,
                    0,
                    0,
                    0,
                    0,
                    0,
                    0,
                    0,
                    0,
                    0,
                    0,
                    0,
                    0,
                    0,
                    0,
                    0,
                    0,
                    0,
                    0,
                    201,
                    54,
                    73,
                    42,
                    119,
                    73,
                    70,
                    175,
                    155,
                    88,
                    143,
                    107,
                    59,
                    216,
                    190,
                    221,
                    197,
                    149,
                    125,
                    23,
                    97,
                    222,
                    210,
                    192,
                    187,
                    97,
                    215,
                    182,
                    77,
                    229,
                    179,
                    36,
                    0,
                    0,
                    0,
                    0,
                    0,
                    0,
                    0,
                    0,
                    0,
                    0,
                    0,
                    0,
                    0,
                    0,
                    0,
                    0,
                    0,
                    0,
                    0,
                    0,
                    0,
                    0,
                    0,
                    0,
                    0,
                    0,
                    0,
                    0,
                    0,
                    0,
                    0,
                    0,
                ],
                qe_report_signature: [
                    202,
                    27,
                    211,
                    64,
                    164,
                    200,
                    67,
                    123,
                    61,
                    61,
                    111,
                    207,
                    139,
                    64,
                    3,
                    13,
                    219,
                    122,
                    199,
                    242,
                    45,
                    149,
                    151,
                    244,
                    181,
                    147,
                    18,
                    3,
                    80,
                    200,
                    145,
                    202,
                    253,
                    247,
                    198,
                    153,
                    230,
                    254,
                    172,
                    98,
                    228,
                    77,
                    71,
                    75,
                    72,
                    198,
                    83,
                    17,
                    74,
                    42,
                    223,
                    50,
                    86,
                    35,
                    182,
                    162,
                    24,
                    161,
                    102,
                    162,
                    125,
                    254,
                    133,
                    80,
                ],
                qe_auth_data: Data {
                    data: [
                        0,
                        1,
                        2,
                        3,
                        4,
                        5,
                        6,
                        7,
                        8,
                        9,
                        10,
                        11,
                        12,
                        13,
                        14,
                        15,
                        16,
                        17,
                        18,
                        19,
                        20,
                        21,
                        22,
                        23,
                        24,
                        25,
                        26,
                        27,
                        28,
                        29,
                        30,
                        31,
                    ],
                    _marker: PhantomData<u16>,
                },
                certification_data: CertificationData {
                    cert_type: 5,
                    body: "-----BEGIN CERTIFICATE-----\nMIIE8TCCBJagAwIBAgIUPBbtVOrLtM7Qcr5yYwyFeIz0bjYwCgYIKoZIzj0EAwIw\ncDEiMCAGA1UEAwwZSW50ZWwgU0dYIFBDSyBQbGF0Zm9ybSBDQTEaMBgGA1UECgwR\nSW50ZWwgQ29ycG9yYXRpb24xFDASBgNVBAcMC1NhbnRhIENsYXJhMQswCQYDVQQI\nDAJDQTELMAkGA1UEBhMCVVMwHhcNMjUwMjA2MjMyNTUxWhcNMzIwMjA2MjMyNTUx\nWjBwMSIwIAYDVQQDDBlJbnRlbCBTR1ggUENLIENlcnRpZmljYXRlMRowGAYDVQQK\nDBFJbnRlbCBDb3Jwb3JhdGlvbjEUMBIGA1UEBwwLU2FudGEgQ2xhcmExCzAJBgNV\nBAgMAkNBMQswCQYDVQQGEwJVUzBZMBMGByqGSM49AgEGCCqGSM49AwEHA0IABBcg\n+gTt74aAv7dI/ZZa+T1hpBeo8fKZEOi4izZm3/9tKyZg8yiPIDNW+QJTp/b3Zhbi\nQhLCLPzD5m1oH5ccl2mjggMMMIIDCDAfBgNVHSMEGDAWgBSVb13NvRvh6UBJydT0\nM84BVwveVDBrBgNVHR8EZDBiMGCgXqBchlpodHRwczovL2FwaS50cnVzdGVkc2Vy\ndmljZXMuaW50ZWwuY29tL3NneC9jZXJ0aWZpY2F0aW9uL3Y0L3Bja2NybD9jYT1w\nbGF0Zm9ybSZlbmNvZGluZz1kZXIwHQYDVR0OBBYEFKu2mgweilV1WekWwCtLGa+A\nRPvZMA4GA1UdDwEB/wQEAwIGwDAMBgNVHRMBAf8EAjAAMIICOQYJKoZIhvhNAQ0B\nBIICKjCCAiYwHgYKKoZIhvhNAQ0BAQQQgR3KKia5UuhbtkSLCXuk/TCCAWMGCiqG\nSIb4TQENAQIwggFTMBAGCyqGSIb4TQENAQIBAgEDMBAGCyqGSIb4TQENAQICAgED\nMBAGCyqGSIb4TQENAQIDAgECMBAGCyqGSIb4TQENAQIEAgECMBAGCyqGSIb4TQEN\nAQIFAgEEMBAGCyqGSIb4TQENAQIGAgEBMBAGCyqGSIb4TQENAQIHAgEAMBAGCyqG\nSIb4TQENAQIIAgEFMBAGCyqGSIb4TQENAQIJAgEAMBAGCyqGSIb4TQENAQIKAgEA\nMBAGCyqGSIb4TQENAQILAgEAMBAGCyqGSIb4TQENAQIMAgEAMBAGCyqGSIb4TQEN\nAQINAgEAMBAGCyqGSIb4TQENAQIOAgEAMBAGCyqGSIb4TQENAQIPAgEAMBAGCyqG\nSIb4TQENAQIQAgEAMBAGCyqGSIb4TQENAQIRAgELMB8GCyqGSIb4TQENAQISBBAD\nAwICBAEABQAAAAAAAAAAMBAGCiqGSIb4TQENAQMEAgAAMBQGCiqGSIb4TQENAQQE\nBrDAbwAAADAPBgoqhkiG+E0BDQEFCgEBMB4GCiqGSIb4TQENAQYEEAeChHRgPnAZ\n3JMHdf/ozdIwRAYKKoZIhvhNAQ0BBzA2MBAGCyqGSIb4TQENAQcBAQH/MBAGCyqG\nSIb4TQENAQcCAQH/MBAGCyqGSIb4TQENAQcDAQH/MAoGCCqGSM49BAMCA0kAMEYC\nIQDJO9hNUdS4NFTN1Qkn+2cMcGteub1ANvQv3lvuSpH1ZwIhAJLCh9kiAAoOWza/\nJaoGing7U3vXr26TsM56mqYEwdFV\n-----END CERTIFICATE-----\n-----BEGIN CERTIFICATE-----\nMIICljCCAj2gAwIBAgIVAJVvXc29G+HpQEnJ1PQzzgFXC95UMAoGCCqGSM49BAMC\nMGgxGjAYBgNVBAMMEUludGVsIFNHWCBSb290IENBMRowGAYDVQQKDBFJbnRlbCBD\nb3Jwb3JhdGlvbjEUMBIGA1UEBwwLU2FudGEgQ2xhcmExCzAJBgNVBAgMAkNBMQsw\nCQYDVQQGEwJVUzAeFw0xODA1MjExMDUwMTBaFw0zMzA1MjExMDUwMTBaMHAxIjAg\nBgNVBAMMGUludGVsIFNHWCBQQ0sgUGxhdGZvcm0gQ0ExGjAYBgNVBAoMEUludGVs\nIENvcnBvcmF0aW9uMRQwEgYDVQQHDAtTYW50YSBDbGFyYTELMAkGA1UECAwCQ0Ex\nCzAJBgNVBAYTAlVTMFkwEwYHKoZIzj0CAQYIKoZIzj0DAQcDQgAENSB/7t21lXSO\n2Cuzpxw74eJB72EyDGgW5rXCtx2tVTLq6hKk6z+UiRZCnqR7psOvgqFeSxlmTlJl\neTmi2WYz3qOBuzCBuDAfBgNVHSMEGDAWgBQiZQzWWp00ifODtJVSv1AbOScGrDBS\nBgNVHR8ESzBJMEegRaBDhkFodHRwczovL2NlcnRpZmljYXRlcy50cnVzdGVkc2Vy\ndmljZXMuaW50ZWwuY29tL0ludGVsU0dYUm9vdENBLmRlcjAdBgNVHQ4EFgQUlW9d\nzb0b4elAScnU9DPOAVcL3lQwDgYDVR0PAQH/BAQDAgEGMBIGA1UdEwEB/wQIMAYB\nAf8CAQAwCgYIKoZIzj0EAwIDRwAwRAIgXsVki0w+i6VYGW3UF/22uaXe0YJDj1Ue\nnA+TjD1ai5cCICYb1SAmD5xkfTVpvo4UoyiSYxrDWLmUR4CI9NKyfPN+\n-----END CERTIFICATE-----\n-----BEGIN CERTIFICATE-----\nMIICjzCCAjSgAwIBAgIUImUM1lqdNInzg7SVUr9QGzknBqwwCgYIKoZIzj0EAwIw\naDEaMBgGA1UEAwwRSW50ZWwgU0dYIFJvb3QgQ0ExGjAYBgNVBAoMEUludGVsIENv\ncnBvcmF0aW9uMRQwEgYDVQQHDAtTYW50YSBDbGFyYTELMAkGA1UECAwCQ0ExCzAJ\nBgNVBAYTAlVTMB4XDTE4MDUyMTEwNDUxMFoXDTQ5MTIzMTIzNTk1OVowaDEaMBgG\nA1UEAwwRSW50ZWwgU0dYIFJvb3QgQ0ExGjAYBgNVBAoMEUludGVsIENvcnBvcmF0\naW9uMRQwEgYDVQQHDAtTYW50YSBDbGFyYTELMAkGA1UECAwCQ0ExCzAJBgNVBAYT\nAlVTMFkwEwYHKoZIzj0CAQYIKoZIzj0DAQcDQgAEC6nEwMDIYZOj/iPWsCzaEKi7\n1OiOSLRFhWGjbnBVJfVnkY4u3IjkDYYL0MxO4mqsyYjlBalTVYxFP2sJBK5zlKOB\nuzCBuDAfBgNVHSMEGDAWgBQiZQzWWp00ifODtJVSv1AbOScGrDBSBgNVHR8ESzBJ\nMEegRaBDhkFodHRwczovL2NlcnRpZmljYXRlcy50cnVzdGVkc2VydmljZXMuaW50\nZWwuY29tL0ludGVsU0dYUm9vdENBLmRlcjAdBgNVHQ4EFgQUImUM1lqdNInzg7SV\nUr9QGzknBqwwDgYDVR0PAQH/BAQDAgEGMBIGA1UdEwEB/wQIMAYBAf8CAQEwCgYI\nKoZIzj0EAwIDSQAwRgIhAOW/5QkR+S9CiSDcNoowLuPRLsWGf/Yi7GSX94BgwTwg\nAiEA4J0lrHoMs+Xo5o/sX6O9QWxHRAvZUGOdRQ7cvqRXaqI=\n-----END CERTIFICATE-----\n\0",
                },
            },
        },
    ),
}
